<html>
<body>
<pre>
<h1>µVision Build Log</h1>
<h2>Tool Versions:</h2>
IDE-Version: ¶ÃVision V5.24.2.0
Copyright (C) 2017 ARM Ltd and ARM Germany GmbH. All rights reserved.
License Information: A A3Woo01, A, LIC=GMZI6-DXPFN-ARMXW-QDJ2X-JLC2I-VVC5S
 
Tool Versions:
Toolchain:       MDK-ARM Plus  Version: 5.24.1
Toolchain Path:  D:\Keli5\ARM\ARMCC\Bin
C Compiler:      Armcc.exe V5.06 update 5 (build 528)
Assembler:       Armasm.exe V5.06 update 5 (build 528)
Linker/Locator:  ArmLink.exe V5.06 update 5 (build 528)
Library Manager: ArmAr.exe V5.06 update 5 (build 528)
Hex Converter:   FromElf.exe V5.06 update 5 (build 528)
CPU DLL:         SARMCM3.DLL V5.24.1
Dialog DLL:      DCM.DLL V1.16.0.0
Target DLL:      STLink\ST-LINKIII-KEIL_SWO.dll V3.0.1.0
Dialog DLL:      TCM.DLL V1.32.0.0
 
<h2>Project:</h2>
d:\AT\Pro\1\√Î±Ì\Project.uvprojx
Project File Date:  12/07/2025

<h2>Output:</h2>
*** Using Compiler 'V5.06 update 5 (build 528)', folder: 'D:\Keli5\ARM\ARMCC\Bin'
Build target 'Target 1'
compiling LED.c...
compiling main.c...
User\main.c(73): warning:  #1-D: last line of file ends without a newline
  }
User\main.c: 1 warning, 0 errors
compiling menu.c...
Hardware\menu.c(287): warning:  #223-D: function "StopWatch" declared implicitly
  			StopWatch();}
Hardware\menu.c(289): warning:  #223-D: function "LED" declared implicitly
  			LED();}
Hardware\menu.c(291): warning:  #223-D: function "MPU6050" declared implicitly
  			MPU6050();}
Hardware\menu.c(293): warning:  #223-D: function "Game" declared implicitly
  			Game();}
Hardware\menu.c(295): warning:  #223-D: function "Emoji" declared implicitly
  			Emoji();}
Hardware\menu.c(297): warning:  #223-D: function "Gradienter" declared implicitly
  			Gradienter();}
Hardware\menu.c(713): warning:  #1-D: last line of file ends without a newline
  }
Hardware\menu.c: 7 warnings, 0 errors
linking...
Program Size: Code=28054 RO-data=9978 RW-data=172 ZI-data=2932  
".\Objects\Project.axf" - 0 Error(s), 8 Warning(s).

<h2>Software Packages used:</h2>

Package Vendor: Keil
                http://www.keil.com/pack/Keil.STM32F1xx_DFP.2.2.0.pack
                Keil.STM32F1xx_DFP.2.2.0
                STMicroelectronics STM32F1 Series Device Support, Drivers and Examples

<h2>Collection of Component include folders:</h2>
  .\RTE\_Target_1
  D:\Keli5\ARM\PACK\Keil\STM32F1xx_DFP\2.2.0\Device\Include

<h2>Collection of Component Files used:</h2>
Build Time Elapsed:  00:00:01
</pre>
</body>
</html>
